// Jest Snapshot v1, https://goo.gl/fbAQLP

exports[`Render correct single feed structure 1`] = `
<div
  className="MuiPaper-root MuiCard-root MuiPaper-elevation8 MuiPaper-rounded"
>
  <button
    className="MuiButtonBase-root MuiCardActionArea-root"
    disabled={false}
    onBlur={[Function]}
    onClick={[Function]}
    onDragLeave={[Function]}
    onFocus={[Function]}
    onKeyDown={[Function]}
    onKeyUp={[Function]}
    onMouseDown={[Function]}
    onMouseLeave={[Function]}
    onMouseUp={[Function]}
    onTouchEnd={[Function]}
    onTouchMove={[Function]}
    onTouchStart={[Function]}
    tabIndex={0}
    type="button"
  >
    <img
      className="MuiCardMedia-root makeStyles-media-1 MuiCardMedia-media MuiCardMedia-img"
      onError={[Function]}
      src="https://live.staticflickr.com/65535/50205609033_bffac90b1c_b.jpg"
      title="Golden hour"
    />
    <div
      className="MuiCardContent-root"
    >
      <h2
        className="MuiTypography-root makeStyles-textEllipsis-2 MuiTypography-h5 MuiTypography-gutterBottom"
        title="Golden hour"
      >
        Golden hour
      </h2>
      <p
        className="MuiTypography-root makeStyles-textEllipsis-2 MuiTypography-body2 MuiTypography-colorTextSecondary"
      >
        Posted by 
        <a
          className="MuiTypography-root MuiLink-root MuiLink-underlineHover MuiTypography-colorPrimary"
          href="https://www.flickr.com/people/gio_vincenti/"
          onBlur={[Function]}
          onFocus={[Function]}
          target="blank"
        >
          Giovanni Vincenti
        </a>
         at
        2020-08-09T13:48:19Z
      </p>
      <p
        className="MuiTypography-root makeStyles-textEllipsis-2 MuiTypography-body2 MuiTypography-colorTextSecondary"
        title=""
      >
        Categories: 
        <i>
          Uncategorized
        </i>
      </p>
    </div>
    <span
      className="MuiCardActionArea-focusHighlight"
    />
  </button>
  <div
    className="MuiCardActions-root MuiCardActions-spacing"
  >
    <button
      className="MuiButtonBase-root MuiButton-root MuiButton-text MuiButton-textPrimary MuiButton-textSizeSmall MuiButton-sizeSmall"
      disabled={false}
      onBlur={[Function]}
      onDragLeave={[Function]}
      onFocus={[Function]}
      onKeyDown={[Function]}
      onKeyUp={[Function]}
      onMouseDown={[Function]}
      onMouseLeave={[Function]}
      onMouseUp={[Function]}
      onTouchEnd={[Function]}
      onTouchMove={[Function]}
      onTouchStart={[Function]}
      tabIndex={0}
      type="button"
    >
      <span
        className="MuiButton-label"
      >
        Share
      </span>
    </button>
    <a
      aria-disabled={false}
      className="MuiButtonBase-root MuiButton-root MuiButton-text MuiButton-textPrimary MuiButton-textSizeSmall MuiButton-sizeSmall"
      href="https://www.flickr.com/photos/gio_vincenti/50205609033/"
      onBlur={[Function]}
      onDragLeave={[Function]}
      onFocus={[Function]}
      onKeyDown={[Function]}
      onKeyUp={[Function]}
      onMouseDown={[Function]}
      onMouseLeave={[Function]}
      onMouseUp={[Function]}
      onTouchEnd={[Function]}
      onTouchMove={[Function]}
      onTouchStart={[Function]}
      tabIndex={0}
      target="blank"
    >
      <span
        className="MuiButton-label"
      >
        Open in Flickr
      </span>
    </a>
  </div>
</div>
`;
